
> hermeos-proptech-backend@1.0.0 build
> tsc

src/controllers/admin.controller.ts(3,10): error TS2459: Module '"../middleware/auth"' declares 'AuthRequest' locally, but it is not exported.
src/controllers/adminDashboard.controller.ts(3,10): error TS2459: Module '"../middleware/auth"' declares 'AuthRequest' locally, but it is not exported.
src/controllers/adminManagement.controller.ts(5,10): error TS2459: Module '"../middleware/auth"' declares 'AuthRequest' locally, but it is not exported.
src/controllers/adminPayment.controller.ts(3,10): error TS2459: Module '"../middleware/auth"' declares 'AuthRequest' locally, but it is not exported.
src/controllers/adminPayment.controller.ts(137,13): error TS18047: 'proof.property' is possibly 'null'.
src/controllers/adminPayment.controller.ts(137,45): error TS18047: 'proof.units' is possibly 'null'.
src/controllers/adminPayment.controller.ts(155,26): error TS2322: Type 'string | null' is not assignable to type 'string | undefined'.
  Type 'null' is not assignable to type 'string | undefined'.
src/controllers/adminPayment.controller.ts(157,39): error TS2322: Type 'number | null' is not assignable to type 'number | undefined'.
  Type 'null' is not assignable to type 'number | undefined'.
src/controllers/adminPayment.controller.ts(165,21): error TS2322: Type 'string | null' is not assignable to type 'string | StringFilter<"Ownership"> | undefined'.
  Type 'null' is not assignable to type 'string | StringFilter<"Ownership"> | undefined'.
src/controllers/adminPayment.controller.ts(173,34): error TS2322: Type 'number | null' is not assignable to type 'number | undefined'.
  Type 'null' is not assignable to type 'number | undefined'.
src/controllers/adminPayment.controller.ts(180,25): error TS2322: Type 'string | null' is not assignable to type 'string | undefined'.
  Type 'null' is not assignable to type 'string | undefined'.
src/controllers/adminPayment.controller.ts(181,25): error TS2322: Type 'number | null' is not assignable to type 'number'.
  Type 'null' is not assignable to type 'number'.
src/controllers/auth.controller.ts(6,10): error TS2459: Module '"../middleware/auth"' declares 'AuthRequest' locally, but it is not exported.
src/controllers/authCookies.controller.ts(6,10): error TS2459: Module '"../middleware/auth"' declares 'AuthRequest' locally, but it is not exported.
src/controllers/bankVerification.controller.ts(3,10): error TS2459: Module '"../middleware/auth"' declares 'AuthRequest' locally, but it is not exported.
src/controllers/capability.controller.ts(3,10): error TS2459: Module '"../middleware/auth"' declares 'AuthRequest' locally, but it is not exported.
src/controllers/chatbot.controller.ts(2,10): error TS2459: Module '"../middleware/auth"' declares 'AuthRequest' locally, but it is not exported.
src/controllers/exitRequest.controller.ts(4,10): error TS2459: Module '"../middleware/auth"' declares 'AuthRequest' locally, but it is not exported.
src/controllers/exitRequest.controller.ts(36,21): error TS18047: 'req.ownership' is possibly 'null'.
src/controllers/exitRequest.controller.ts(37,23): error TS18047: 'req.ownership' is possibly 'null'.
src/controllers/exitRequest.controller.ts(38,27): error TS18047: 'req.ownership' is possibly 'null'.
src/controllers/exitRequest.controller.ts(39,27): error TS18047: 'req.ownership' is possibly 'null'.
src/controllers/exitRequest.controller.ts(86,23): error TS18047: 'request.ownership' is possibly 'null'.
src/controllers/exitRequest.controller.ts(88,24): error TS18047: 'request.ownership' is possibly 'null'.
src/controllers/exitRequest.controller.ts(89,42): error TS18047: 'request.ownership' is possibly 'null'.
src/controllers/exitRequest.controller.ts(90,34): error TS18047: 'request.ownership' is possibly 'null'.
src/controllers/exitRequest.controller.ts(194,69): error TS18047: 'exitRequest.ownership' is possibly 'null'.
src/controllers/exitRequest.controller.ts(211,78): error TS18047: 'exitRequest.ownership' is possibly 'null'.
src/controllers/investment.controller.ts(4,10): error TS2459: Module '"../middleware/auth"' declares 'AuthRequest' locally, but it is not exported.
src/controllers/investmentLocking.controller.ts(3,10): error TS2459: Module '"../middleware/auth"' declares 'AuthRequest' locally, but it is not exported.
src/controllers/kyc.controller.ts(3,10): error TS2459: Module '"../middleware/auth"' declares 'AuthRequest' locally, but it is not exported.
src/controllers/ownership.controller.ts(3,10): error TS2459: Module '"../middleware/auth"' declares 'AuthRequest' locally, but it is not exported.
src/controllers/payment.controller.ts(3,10): error TS2459: Module '"../middleware/auth"' declares 'AuthRequest' locally, but it is not exported.
src/controllers/performance.controller.ts(3,10): error TS2459: Module '"../middleware/auth"' declares 'AuthRequest' locally, but it is not exported.
src/controllers/proceeds.controller.ts(3,10): error TS2459: Module '"../middleware/auth"' declares 'AuthRequest' locally, but it is not exported.
src/controllers/property.controller.ts(4,10): error TS2459: Module '"../middleware/auth"' declares 'AuthRequest' locally, but it is not exported.
src/controllers/property.controller.ts(241,40): error TS2345: Argument of type 'string | null' is not assignable to parameter of type 'string'.
  Type 'null' is not assignable to type 'string'.
src/controllers/property.controller.ts(289,44): error TS2345: Argument of type 'string | null' is not assignable to parameter of type 'string'.
  Type 'null' is not assignable to type 'string'.
src/controllers/propertyDetails.controller.ts(3,10): error TS2459: Module '"../middleware/auth"' declares 'AuthRequest' locally, but it is not exported.
src/controllers/transaction.controller.ts(3,10): error TS2459: Module '"../middleware/auth"' declares 'AuthRequest' locally, but it is not exported.
src/controllers/transfer.controller.ts(3,10): error TS2459: Module '"../middleware/auth"' declares 'AuthRequest' locally, but it is not exported.
src/controllers/twoFactor.controller.ts(5,10): error TS2459: Module '"../middleware/auth"' declares 'AuthRequest' locally, but it is not exported.
src/controllers/user.controller.ts(3,10): error TS2459: Module '"../middleware/auth"' declares 'AuthRequest' locally, but it is not exported.
src/controllers/withdrawalLimits.controller.ts(3,10): error TS2459: Module '"../middleware/auth"' declares 'AuthRequest' locally, but it is not exported.
src/middleware/requireCapability.ts(2,10): error TS2459: Module '"./auth"' declares 'AuthRequest' locally, but it is not exported.
src/middleware/requireRole.ts(2,10): error TS2459: Module '"./auth"' declares 'AuthRequest' locally, but it is not exported.
src/routes/admin.routes.ts(2,10): error TS2305: Module '"../middleware/auth"' has no exported member 'protect'.
src/routes/admin.routes.ts(2,19): error TS2305: Module '"../middleware/auth"' has no exported member 'authorize'.
src/routes/admin.ts(26,13): error TS2322: Type '{ email: any; password: string; role: "SUPER_ADMIN"; kycStatus: string; }' is not assignable to type '(Without<UserCreateInput, UserUncheckedCreateInput> & UserUncheckedCreateInput) | (Without<...> & UserCreateInput)'.
  Type '{ email: any; password: string; role: "SUPER_ADMIN"; kycStatus: string; }' is not assignable to type 'Without<UserUncheckedCreateInput, UserCreateInput> & UserCreateInput'.
    Type '{ email: any; password: string; role: "SUPER_ADMIN"; kycStatus: string; }' is missing the following properties from type 'UserCreateInput': firstName, lastName
src/routes/adminDashboard.routes.ts(2,10): error TS2305: Module '"../middleware/auth"' has no exported member 'protect'.
src/routes/adminDashboard.routes.ts(2,19): error TS2305: Module '"../middleware/auth"' has no exported member 'requireRole'.
src/routes/adminManagement.routes.ts(2,10): error TS2305: Module '"../middleware/auth"' has no exported member 'protect'.
src/routes/auth.routes.ts(4,10): error TS2305: Module '"../middleware/auth"' has no exported member 'protect'.
src/routes/auth.ts(22,13): error TS2322: Type '{ email: any; password: string; role: "USER"; kycStatus: string; }' is not assignable to type '(Without<UserCreateInput, UserUncheckedCreateInput> & UserUncheckedCreateInput) | (Without<...> & UserCreateInput)'.
  Type '{ email: any; password: string; role: "USER"; kycStatus: string; }' is not assignable to type 'Without<UserUncheckedCreateInput, UserCreateInput> & UserCreateInput'.
    Type '{ email: any; password: string; role: "USER"; kycStatus: string; }' is missing the following properties from type 'UserCreateInput': firstName, lastName
src/routes/chatbot.routes.ts(3,10): error TS2305: Module '"../middleware/auth"' has no exported member 'protect'.
src/routes/document.routes.ts(2,10): error TS2305: Module '"../middleware/auth"' has no exported member 'protect'.
src/routes/exitRequest.routes.ts(3,10): error TS2305: Module '"../middleware/auth"' has no exported member 'protect'.
src/routes/investment.routes.ts(3,10): error TS2305: Module '"../middleware/auth"' has no exported member 'protect'.
src/routes/kyc.routes.ts(3,10): error TS2305: Module '"../middleware/auth"' has no exported member 'protect'.
src/routes/notification.routes.ts(2,10): error TS2305: Module '"../middleware/auth"' has no exported member 'protect'.
src/routes/ownership.routes.ts(3,10): error TS2305: Module '"../middleware/auth"' has no exported member 'protect'.
src/routes/payment.routes.ts(2,10): error TS2305: Module '"../middleware/auth"' has no exported member 'protect'.
src/routes/performance.routes.ts(3,10): error TS2305: Module '"../middleware/auth"' has no exported member 'protect'.
src/routes/properties.ts(24,17): error TS2353: Object literal may only specify known properties, and 'title' does not exist in type '(Without<PropertyCreateInput, PropertyUncheckedCreateInput> & PropertyUncheckedCreateInput) | (Without<...> & PropertyCreateInput)'.
src/routes/property.routes.ts(5,10): error TS2305: Module '"../middleware/auth"' has no exported member 'protect'.
src/routes/property.routes.ts(5,19): error TS2305: Module '"../middleware/auth"' has no exported member 'authorize'.
src/routes/property.routes.ts(5,30): error TS2305: Module '"../middleware/auth"' has no exported member 'optionalAuth'.
src/routes/support.routes.ts(3,10): error TS2305: Module '"../middleware/auth"' has no exported member 'protect'.
src/routes/support.routes.ts(6,10): error TS2459: Module '"../middleware/auth"' declares 'AuthRequest' locally, but it is not exported.
src/routes/transaction.routes.ts(3,10): error TS2305: Module '"../middleware/auth"' has no exported member 'protect'.
src/routes/transfer.routes.ts(3,10): error TS2305: Module '"../middleware/auth"' has no exported member 'protect'.
src/routes/transfer.routes.ts(3,19): error TS2305: Module '"../middleware/auth"' has no exported member 'authorize'.
src/routes/twoFactor.routes.ts(2,10): error TS2305: Module '"../middleware/auth"' has no exported member 'protect'.
src/routes/user.routes.ts(5,10): error TS2305: Module '"../middleware/auth"' has no exported member 'protect'.
